============================= test session starts =============================
platform win32 -- Python 3.13.3, pytest-9.0.1, pluggy-1.6.0 -- C:\Users\kenny\AppData\Local\Programs\Python\Python313\python.exe
cachedir: .pytest_cache
rootdir: D:\AudicoAI\Audico Management Team\audico-ai
configfile: pytest.ini (WARNING: ignoring pytest config in pyproject.toml!)
plugins: anyio-4.11.0, langsmith-0.4.43, asyncio-1.3.0, cov-7.0.0, mock-3.15.1
asyncio: mode=Mode.AUTO, debug=False, asyncio_default_fixture_loop_scope=None, asyncio_default_test_loop_scope=function
collecting ... collected 19 items

tests/test_api.py::TestAPIEndpoints::test_root_endpoint ERROR            [  5%]
tests/test_api.py::TestAPIEndpoints::test_health_check ERROR             [ 10%]
tests/test_api.py::TestAPIEndpoints::test_config_endpoint ERROR          [ 15%]
tests/test_api.py::TestAPIEndpoints::test_email_poll_endpoint ERROR      [ 21%]
tests/test_api.py::TestAPIEndpoints::test_send_email_endpoint ERROR      [ 26%]
tests/test_api.py::TestAPIEndpoints::test_send_email_not_found ERROR     [ 31%]
tests/test_api.py::TestAPIEndpoints::test_toggle_agent_endpoint ERROR    [ 36%]
tests/test_api.py::TestAPIEndpoints::test_toggle_invalid_agent ERROR     [ 42%]
tests/test_api.py::TestCORS::test_cors_headers_present ERROR             [ 47%]
tests/test_connectors.py::TestGmailConnector::test_list_unread_messages FAILED [ 52%]
tests/test_connectors.py::TestGmailConnector::test_create_draft FAILED   [ 57%]
tests/test_connectors.py::TestSupabaseConnector::test_create_email_log PASSED [ 63%]
tests/test_connectors.py::TestSupabaseConnector::test_check_email_already_processed PASSED [ 68%]
tests/test_connectors.py::TestLLMClient::test_classify_email FAILED      [ 73%]
tests/test_connectors.py::TestLLMClient::test_draft_email_response FAILED [ 78%]
tests/test_email_agent.py::TestEmailManagementAgent::test_process_email_success ERROR [ 84%]
tests/test_email_agent.py::TestEmailManagementAgent::test_process_email_already_processed PASSED [ 89%]
tests/test_email_agent.py::TestEmailManagementAgent::test_extract_order_numbers PASSED [ 94%]
tests/test_email_agent.py::TestEmailManagementAgent::test_supplier_email_no_draft ERROR [100%]

=================================== ERRORS ====================================
____________ ERROR at setup of TestAPIEndpoints.test_root_endpoint ____________
tests\test_api.py:10: in client
    from src.main import app
src\main.py:11: in <module>
    from src.agents.orders_agent import get_orders_agent
src\agents\orders_agent.py:8: in <module>
    class OrdersLogisticsAgent:
src\agents\orders_agent.py:21: in OrdersLogisticsAgent
    async def run(self, input_data: Dict[str, Any], state: Dict[str, Any] = None) -> Dict[str, Any]:
                                    ^^^^
E   NameError: name 'Dict' is not defined
____________ ERROR at setup of TestAPIEndpoints.test_health_check _____________
tests\test_api.py:10: in client
    from src.main import app
src\main.py:11: in <module>
    from src.agents.orders_agent import get_orders_agent
src\agents\orders_agent.py:8: in <module>
    class OrdersLogisticsAgent:
src\agents\orders_agent.py:21: in OrdersLogisticsAgent
    async def run(self, input_data: Dict[str, Any], state: Dict[str, Any] = None) -> Dict[str, Any]:
                                    ^^^^
E   NameError: name 'Dict' is not defined
___________ ERROR at setup of TestAPIEndpoints.test_config_endpoint ___________
tests\test_api.py:10: in client
    from src.main import app
src\main.py:11: in <module>
    from src.agents.orders_agent import get_orders_agent
src\agents\orders_agent.py:8: in <module>
    class OrdersLogisticsAgent:
src\agents\orders_agent.py:21: in OrdersLogisticsAgent
    async def run(self, input_data: Dict[str, Any], state: Dict[str, Any] = None) -> Dict[str, Any]:
                                    ^^^^
E   NameError: name 'Dict' is not defined
_________ ERROR at setup of TestAPIEndpoints.test_email_poll_endpoint _________
tests\test_api.py:10: in client
    from src.main import app
src\main.py:11: in <module>
    from src.agents.orders_agent import get_orders_agent
src\agents\orders_agent.py:8: in <module>
    class OrdersLogisticsAgent:
src\agents\orders_agent.py:21: in OrdersLogisticsAgent
    async def run(self, input_data: Dict[str, Any], state: Dict[str, Any] = None) -> Dict[str, Any]:
                                    ^^^^
E   NameError: name 'Dict' is not defined
_________ ERROR at setup of TestAPIEndpoints.test_send_email_endpoint _________
tests\test_api.py:10: in client
    from src.main import app
src\main.py:11: in <module>
    from src.agents.orders_agent import get_orders_agent
src\agents\orders_agent.py:8: in <module>
    class OrdersLogisticsAgent:
src\agents\orders_agent.py:21: in OrdersLogisticsAgent
    async def run(self, input_data: Dict[str, Any], state: Dict[str, Any] = None) -> Dict[str, Any]:
                                    ^^^^
E   NameError: name 'Dict' is not defined
________ ERROR at setup of TestAPIEndpoints.test_send_email_not_found _________
tests\test_api.py:10: in client
    from src.main import app
src\main.py:11: in <module>
    from src.agents.orders_agent import get_orders_agent
src\agents\orders_agent.py:8: in <module>
    class OrdersLogisticsAgent:
src\agents\orders_agent.py:21: in OrdersLogisticsAgent
    async def run(self, input_data: Dict[str, Any], state: Dict[str, Any] = None) -> Dict[str, Any]:
                                    ^^^^
E   NameError: name 'Dict' is not defined
________ ERROR at setup of TestAPIEndpoints.test_toggle_agent_endpoint ________
tests\test_api.py:10: in client
    from src.main import app
src\main.py:11: in <module>
    from src.agents.orders_agent import get_orders_agent
src\agents\orders_agent.py:8: in <module>
    class OrdersLogisticsAgent:
src\agents\orders_agent.py:21: in OrdersLogisticsAgent
    async def run(self, input_data: Dict[str, Any], state: Dict[str, Any] = None) -> Dict[str, Any]:
                                    ^^^^
E   NameError: name 'Dict' is not defined
________ ERROR at setup of TestAPIEndpoints.test_toggle_invalid_agent _________
tests\test_api.py:10: in client
    from src.main import app
src\main.py:11: in <module>
    from src.agents.orders_agent import get_orders_agent
src\agents\orders_agent.py:8: in <module>
    class OrdersLogisticsAgent:
src\agents\orders_agent.py:21: in OrdersLogisticsAgent
    async def run(self, input_data: Dict[str, Any], state: Dict[str, Any] = None) -> Dict[str, Any]:
                                    ^^^^
E   NameError: name 'Dict' is not defined
____________ ERROR at setup of TestCORS.test_cors_headers_present _____________
tests\test_api.py:10: in client
    from src.main import app
src\main.py:11: in <module>
    from src.agents.orders_agent import get_orders_agent
src\agents\orders_agent.py:8: in <module>
    class OrdersLogisticsAgent:
src\agents\orders_agent.py:21: in OrdersLogisticsAgent
    async def run(self, input_data: Dict[str, Any], state: Dict[str, Any] = None) -> Dict[str, Any]:
                                    ^^^^
E   NameError: name 'Dict' is not defined
____ ERROR at setup of TestEmailManagementAgent.test_process_email_success ____
C:\Users\kenny\AppData\Local\Programs\Python\Python313\Lib\site-packages\pytest_asyncio\plugin.py:458: in setup
    return super().setup()
           ^^^^^^^^^^^^^^^
C:\Users\kenny\AppData\Local\Programs\Python\Python313\Lib\site-packages\pytest_asyncio\plugin.py:730: in pytest_fixture_setup
    return (yield)
            ^^^^^
tests\conftest.py:11: in sample_email
    return ParsedEmail({
src\connectors\gmail.py:36: in __init__
    self.body = self._extract_body(payload)
                ^^^^^^^^^^^^^^^^^^^^^^^^^^^
src\connectors\gmail.py:57: in _extract_body
    return base64.urlsafe_b64decode(payload["body"]["data"]).decode("utf-8")
           ^^^^^^^^^^^^^^^^^^^^^^^^^^^^^^^^^^^^^^^^^^^^^^^^^
C:\Users\kenny\AppData\Local\Programs\Python\Python313\Lib\base64.py:134: in urlsafe_b64decode
    return b64decode(s)
           ^^^^^^^^^^^^
C:\Users\kenny\AppData\Local\Programs\Python\Python313\Lib\base64.py:88: in b64decode
    return binascii.a2b_base64(s, strict_mode=validate)
           ^^^^^^^^^^^^^^^^^^^^^^^^^^^^^^^^^^^^^^^^^^^^
E   binascii.Error: Invalid base64-encoded string: number of data characters (73) cannot be 1 more than a multiple of 4
___ ERROR at setup of TestEmailManagementAgent.test_supplier_email_no_draft ___
C:\Users\kenny\AppData\Local\Programs\Python\Python313\Lib\site-packages\pytest_asyncio\plugin.py:458: in setup
    return super().setup()
           ^^^^^^^^^^^^^^^
C:\Users\kenny\AppData\Local\Programs\Python\Python313\Lib\site-packages\pytest_asyncio\plugin.py:730: in pytest_fixture_setup
    return (yield)
            ^^^^^
tests\conftest.py:11: in sample_email
    return ParsedEmail({
src\connectors\gmail.py:36: in __init__
    self.body = self._extract_body(payload)
                ^^^^^^^^^^^^^^^^^^^^^^^^^^^
src\connectors\gmail.py:57: in _extract_body
    return base64.urlsafe_b64decode(payload["body"]["data"]).decode("utf-8")
           ^^^^^^^^^^^^^^^^^^^^^^^^^^^^^^^^^^^^^^^^^^^^^^^^^
C:\Users\kenny\AppData\Local\Programs\Python\Python313\Lib\base64.py:134: in urlsafe_b64decode
    return b64decode(s)
           ^^^^^^^^^^^^
C:\Users\kenny\AppData\Local\Programs\Python\Python313\Lib\base64.py:88: in b64decode
    return binascii.a2b_base64(s, strict_mode=validate)
           ^^^^^^^^^^^^^^^^^^^^^^^^^^^^^^^^^^^^^^^^^^^^
E   binascii.Error: Invalid base64-encoded string: number of data characters (73) cannot be 1 more than a multiple of 4
================================== FAILURES ===================================
________________ TestGmailConnector.test_list_unread_messages _________________
tests\test_connectors.py:31: in test_list_unread_messages
    connector = GmailConnector()
                ^^^^^^^^^^^^^^^^
src\connectors\gmail.py:81: in __init__
    self.service = self._build_service()
                   ^^^^^^^^^^^^^^^^^^^^^
src\connectors\gmail.py:96: in _build_service
    creds.refresh(Request())
C:\Users\kenny\AppData\Local\Programs\Python\Python313\Lib\site-packages\google\oauth2\credentials.py:409: in refresh
    ) = reauth.refresh_grant(
C:\Users\kenny\AppData\Local\Programs\Python\Python313\Lib\site-packages\google\oauth2\reauth.py:366: in refresh_grant
    _client._handle_error_response(response_data, retryable_error)
C:\Users\kenny\AppData\Local\Programs\Python\Python313\Lib\site-packages\google\oauth2\_client.py:69: in _handle_error_response
    raise exceptions.RefreshError(
E   google.auth.exceptions.RefreshError: ('invalid_client: The OAuth client was not found.', {'error': 'invalid_client', 'error_description': 'The OAuth client was not found.'})
____________________ TestGmailConnector.test_create_draft _____________________
tests\test_connectors.py:56: in test_create_draft
    connector = GmailConnector()
                ^^^^^^^^^^^^^^^^
src\connectors\gmail.py:81: in __init__
    self.service = self._build_service()
                   ^^^^^^^^^^^^^^^^^^^^^
src\connectors\gmail.py:96: in _build_service
    creds.refresh(Request())
C:\Users\kenny\AppData\Local\Programs\Python\Python313\Lib\site-packages\google\oauth2\credentials.py:409: in refresh
    ) = reauth.refresh_grant(
C:\Users\kenny\AppData\Local\Programs\Python\Python313\Lib\site-packages\google\oauth2\reauth.py:366: in refresh_grant
    _client._handle_error_response(response_data, retryable_error)
C:\Users\kenny\AppData\Local\Programs\Python\Python313\Lib\site-packages\google\oauth2\_client.py:69: in _handle_error_response
    raise exceptions.RefreshError(
E   google.auth.exceptions.RefreshError: ('invalid_client: The OAuth client was not found.', {'error': 'invalid_client', 'error_description': 'The OAuth client was not found.'})
______________________ TestLLMClient.test_classify_email ______________________
tests\test_connectors.py:138: in test_classify_email
    result = await classify_email(
E   TypeError: classify_email() got an unexpected keyword argument 'body'
___________________ TestLLMClient.test_draft_email_response ___________________
tests\test_connectors.py:158: in test_draft_email_response
    result = await draft_email_response(
E   TypeError: draft_email_response() got an unexpected keyword argument 'body'
=========================== short test summary info ===========================
FAILED tests/test_connectors.py::TestGmailConnector::test_list_unread_messages
FAILED tests/test_connectors.py::TestGmailConnector::test_create_draft - goog...
FAILED tests/test_connectors.py::TestLLMClient::test_classify_email - TypeErr...
FAILED tests/test_connectors.py::TestLLMClient::test_draft_email_response - T...
ERROR tests/test_api.py::TestAPIEndpoints::test_root_endpoint - NameError: na...
ERROR tests/test_api.py::TestAPIEndpoints::test_health_check - NameError: nam...
ERROR tests/test_api.py::TestAPIEndpoints::test_config_endpoint - NameError: ...
ERROR tests/test_api.py::TestAPIEndpoints::test_email_poll_endpoint - NameErr...
ERROR tests/test_api.py::TestAPIEndpoints::test_send_email_endpoint - NameErr...
ERROR tests/test_api.py::TestAPIEndpoints::test_send_email_not_found - NameEr...
ERROR tests/test_api.py::TestAPIEndpoints::test_toggle_agent_endpoint - NameE...
ERROR tests/test_api.py::TestAPIEndpoints::test_toggle_invalid_agent - NameEr...
ERROR tests/test_api.py::TestCORS::test_cors_headers_present - NameError: nam...
ERROR tests/test_email_agent.py::TestEmailManagementAgent::test_process_email_success
ERROR tests/test_email_agent.py::TestEmailManagementAgent::test_supplier_email_no_draft
=================== 4 failed, 4 passed, 11 errors in 8.10s ====================
